// Bun Snapshot v1, https://bun.sh/docs/test/snapshots

exports[`GeminiChatModel.invoke should use tool result correctly 1`] = `
[
  {
    "config": {
      "frequencyPenalty": undefined,
      "presencePenalty": undefined,
      "responseModalities": undefined,
      "systemInstruction": [
        {
          "text": "You are a chatbot",
        },
      ],
      "temperature": undefined,
      "thinkingConfig": {
        "includeThoughts": true,
        "thinkingBudget": undefined,
        "thinkingLevel": undefined,
      },
      "toolConfig": {
        "functionCallingConfig": {
          "mode": "ANY",
        },
      },
      "tools": [
        {
          "functionDeclarations": [
            {
              "description": undefined,
              "name": "get_weather",
              "parametersJsonSchema": {
                "properties": {
                  "city": {
                    "type": "string",
                  },
                },
                "required": [
                  "city",
                ],
                "type": "object",
              },
            },
          ],
        },
        {
          "functionDeclarations": [
            {
              "description": "Output the final response",
              "name": "output",
              "parametersJsonSchema": {
                "additionalProperties": false,
                "properties": {
                  "text": {
                    "type": "string",
                  },
                },
                "required": [
                  "text",
                ],
                "type": "object",
              },
            },
          ],
        },
      ],
      "topP": undefined,
    },
    "contents": [
      {
        "parts": [
          {
            "text": "What is the weather in New York?",
          },
        ],
        "role": "user",
      },
      {
        "parts": [
          {
            "functionCall": {
              "args": {
                "city": "New York",
              },
              "id": "get_weather",
              "name": "get_weather",
            },
          },
        ],
        "role": "model",
      },
      {
        "parts": [
          {
            "functionResponse": {
              "id": "get_weather",
              "name": "get_weather",
              "response": {
                "output": {
                  "temperature": 20,
                },
                "status": "success",
                "tool": "get_weather",
              },
            },
          },
        ],
        "role": undefined,
      },
    ],
    "model": "gemini-2.5-flash",
  },
]
`;

exports[`GeminiChatModel should handle model options correctly for {
  model: "gemini-3-pro-preview",
} 1`] = `
{
  "frequencyPenalty": undefined,
  "presencePenalty": undefined,
  "responseModalities": undefined,
  "temperature": undefined,
  "thinkingConfig": {
    "includeThoughts": true,
    "thinkingBudget": undefined,
    "thinkingLevel": "THINKING_LEVEL_UNSPECIFIED",
  },
  "toolConfig": {
    "functionCallingConfig": undefined,
  },
  "tools": [],
  "topP": undefined,
}
`;

exports[`GeminiChatModel should handle model options correctly for {
  model: "gemini-3-pro-preview",
  reasoningEffort: "high",
} 1`] = `
{
  "frequencyPenalty": undefined,
  "presencePenalty": undefined,
  "responseModalities": undefined,
  "temperature": undefined,
  "thinkingConfig": {
    "includeThoughts": true,
    "thinkingBudget": undefined,
    "thinkingLevel": "HIGH",
  },
  "toolConfig": {
    "functionCallingConfig": undefined,
  },
  "tools": [],
  "topP": undefined,
}
`;

exports[`GeminiChatModel should handle model options correctly for {
  model: "gemini-3-pro-preview",
  reasoningEffort: "medium",
} 1`] = `
{
  "frequencyPenalty": undefined,
  "presencePenalty": undefined,
  "responseModalities": undefined,
  "temperature": undefined,
  "thinkingConfig": {
    "includeThoughts": true,
    "thinkingBudget": undefined,
    "thinkingLevel": "HIGH",
  },
  "toolConfig": {
    "functionCallingConfig": undefined,
  },
  "tools": [],
  "topP": undefined,
}
`;

exports[`GeminiChatModel should handle model options correctly for {
  model: "gemini-3-pro-preview",
  reasoningEffort: "low",
} 1`] = `
{
  "frequencyPenalty": undefined,
  "presencePenalty": undefined,
  "responseModalities": undefined,
  "temperature": undefined,
  "thinkingConfig": {
    "includeThoughts": true,
    "thinkingBudget": undefined,
    "thinkingLevel": "LOW",
  },
  "toolConfig": {
    "functionCallingConfig": undefined,
  },
  "tools": [],
  "topP": undefined,
}
`;

exports[`GeminiChatModel should handle model options correctly for {
  model: "gemini-3-pro-preview",
  reasoningEffort: "minimal",
} 1`] = `
{
  "frequencyPenalty": undefined,
  "presencePenalty": undefined,
  "responseModalities": undefined,
  "temperature": undefined,
  "thinkingConfig": {
    "includeThoughts": true,
    "thinkingBudget": undefined,
    "thinkingLevel": "LOW",
  },
  "toolConfig": {
    "functionCallingConfig": undefined,
  },
  "tools": [],
  "topP": undefined,
}
`;

exports[`GeminiChatModel should handle model options correctly for {
  model: "gemini-3-pro-preview",
  reasoningEffort: 10000,
} 1`] = `
{
  "frequencyPenalty": undefined,
  "presencePenalty": undefined,
  "responseModalities": undefined,
  "temperature": undefined,
  "thinkingConfig": {
    "includeThoughts": true,
    "thinkingBudget": undefined,
    "thinkingLevel": "HIGH",
  },
  "toolConfig": {
    "functionCallingConfig": undefined,
  },
  "tools": [],
  "topP": undefined,
}
`;

exports[`GeminiChatModel should handle model options correctly for {
  model: "gemini-2.5-pro",
} 1`] = `
{
  "frequencyPenalty": undefined,
  "presencePenalty": undefined,
  "responseModalities": undefined,
  "temperature": undefined,
  "thinkingConfig": {
    "includeThoughts": true,
    "thinkingBudget": undefined,
    "thinkingLevel": undefined,
  },
  "toolConfig": {
    "functionCallingConfig": undefined,
  },
  "tools": [],
  "topP": undefined,
}
`;

exports[`GeminiChatModel should handle model options correctly for {
  model: "gemini-2.5-pro",
  reasoningEffort: "high",
} 1`] = `
{
  "frequencyPenalty": undefined,
  "presencePenalty": undefined,
  "responseModalities": undefined,
  "temperature": undefined,
  "thinkingConfig": {
    "includeThoughts": true,
    "thinkingBudget": 32768,
    "thinkingLevel": undefined,
  },
  "toolConfig": {
    "functionCallingConfig": undefined,
  },
  "tools": [],
  "topP": undefined,
}
`;

exports[`GeminiChatModel should handle model options correctly for {
  model: "gemini-2.5-pro",
  reasoningEffort: "medium",
} 1`] = `
{
  "frequencyPenalty": undefined,
  "presencePenalty": undefined,
  "responseModalities": undefined,
  "temperature": undefined,
  "thinkingConfig": {
    "includeThoughts": true,
    "thinkingBudget": 10000,
    "thinkingLevel": undefined,
  },
  "toolConfig": {
    "functionCallingConfig": undefined,
  },
  "tools": [],
  "topP": undefined,
}
`;

exports[`GeminiChatModel should handle model options correctly for {
  model: "gemini-2.5-pro",
  reasoningEffort: "low",
} 1`] = `
{
  "frequencyPenalty": undefined,
  "presencePenalty": undefined,
  "responseModalities": undefined,
  "temperature": undefined,
  "thinkingConfig": {
    "includeThoughts": true,
    "thinkingBudget": 5000,
    "thinkingLevel": undefined,
  },
  "toolConfig": {
    "functionCallingConfig": undefined,
  },
  "tools": [],
  "topP": undefined,
}
`;

exports[`GeminiChatModel should handle model options correctly for {
  model: "gemini-2.5-pro",
  reasoningEffort: "minimal",
} 1`] = `
{
  "frequencyPenalty": undefined,
  "presencePenalty": undefined,
  "responseModalities": undefined,
  "temperature": undefined,
  "thinkingConfig": {
    "includeThoughts": true,
    "thinkingBudget": 200,
    "thinkingLevel": undefined,
  },
  "toolConfig": {
    "functionCallingConfig": undefined,
  },
  "tools": [],
  "topP": undefined,
}
`;

exports[`GeminiChatModel should handle model options correctly for {
  model: "gemini-1.5-pro",
  reasoningEffort: "high",
} 1`] = `
{
  "frequencyPenalty": undefined,
  "presencePenalty": undefined,
  "responseModalities": undefined,
  "temperature": undefined,
  "thinkingConfig": undefined,
  "toolConfig": {
    "functionCallingConfig": undefined,
  },
  "tools": [],
  "topP": undefined,
}
`;
