// Bun Snapshot v1, https://bun.sh/docs/test/snapshots

exports[`GeminiChatModel.invoke should use tool result correctly 1`] = `
[
  {
    "config": {
      "frequencyPenalty": undefined,
      "presencePenalty": undefined,
      "responseModalities": undefined,
      "systemInstruction": [
        {
          "text": "You are a chatbot",
        },
      ],
      "temperature": undefined,
      "thinkingConfig": {
        "includeThoughts": true,
      },
      "toolConfig": {
        "functionCallingConfig": {
          "mode": "ANY",
        },
      },
      "tools": [
        {
          "functionDeclarations": [
            {
              "description": undefined,
              "name": "get_weather",
              "parametersJsonSchema": {
                "properties": {
                  "city": {
                    "type": "string",
                  },
                },
                "required": [
                  "city",
                ],
                "type": "object",
              },
            },
          ],
        },
        {
          "functionDeclarations": [
            {
              "description": "Output the final response",
              "name": "output",
              "parametersJsonSchema": {
                "additionalProperties": false,
                "properties": {
                  "text": {
                    "type": "string",
                  },
                },
                "required": [
                  "text",
                ],
                "type": "object",
              },
            },
          ],
        },
      ],
      "topP": undefined,
    },
    "contents": [
      {
        "parts": [
          {
            "text": "What is the weather in New York?",
          },
        ],
        "role": "user",
      },
      {
        "parts": [
          {
            "functionCall": {
              "args": {
                "city": "New York",
              },
              "id": "get_weather",
              "name": "get_weather",
            },
          },
        ],
        "role": "model",
      },
      {
        "parts": [
          {
            "functionResponse": {
              "id": "get_weather",
              "name": "get_weather",
              "response": {
                "output": {
                  "temperature": 20,
                },
                "status": "success",
                "tool": "get_weather",
              },
            },
          },
        ],
        "role": undefined,
      },
    ],
    "model": "gemini-2.5-flash",
  },
]
`;
